C:\projects\Honolulu\Version6\OMPORepo\generic\scripts\ompo6.rsc
C:\projects\Honolulu\Version6\OMPORepo\generic\scripts\UpdateLineLayer.rsc
C:\projects\Honolulu\Version6\OMPORepo\generic\scripts\CreateHighwayNetwork.rsc
C:\projects\Honolulu\Version6\OMPORepo\generic\scripts\TransitAccessLinks.rsc
C:\projects\Honolulu\Version6\OMPORepo\generic\scripts\ConvertMatricesToBinary.rsc
C:\projects\Honolulu\Version6\OMPORepo\generic\scripts\ConvertMatricesToCSV.rsc
C:\projects\Honolulu\Version6\OMPORepo\generic\scripts\ConvertBinaryToMtx.rsc
C:\projects\Honolulu\Version6\OMPORepo\generic\scripts\CopyFiles.rsc
C:\projects\Honolulu\Version6\OMPORepo\generic\scripts\CloseAll.rsc
C:\projects\Honolulu\Version6\OMPORepo\generic\scripts\RecodeValues.rsc
C:\projects\Honolulu\Version6\OMPORepo\generic\scripts\HighwaySkim.rsc
C:\projects\Honolulu\Version6\OMPORepo\generic\scripts\TransitSkim.rsc
C:\projects\Honolulu\Version6\OMPORepo\generic\scripts\CalculateAutoImportance.rsc
C:\projects\Honolulu\Version6\OMPORepo\generic\scripts\CalculateEJ.rsc
C:\projects\Honolulu\Version6\OMPORepo\generic\scripts\tripgen.rsc
C:\projects\Honolulu\Version6\OMPORepo\generic\scripts\tripdist.rsc
C:\projects\Honolulu\Version6\OMPORepo\generic\scripts\TripDistReport.rsc
C:\projects\Honolulu\Version6\OMPORepo\generic\scripts\modechoice.rsc
C:\projects\Honolulu\Version6\OMPORepo\generic\scripts\ModeChoiceReport.rsc
C:\projects\Honolulu\Version6\OMPORepo\generic\scripts\TODFactor.rsc
C:\projects\Honolulu\Version6\OMPORepo\generic\scripts\CollapseMatrices.rsc
C:\projects\Honolulu\Version6\OMPORepo\generic\scripts\highwayAssign.rsc
C:\projects\Honolulu\Version6\OMPORepo\generic\scripts\TransitAssignment.rsc
C:\projects\Honolulu\Version6\OMPORepo\generic\scripts\CheckConvergence.rsc
C:\projects\Honolulu\Version6\OMPORepo\generic\scripts\OMPOGUI.rsc
C:\projects\Honolulu\Version6\OMPORepo\generic\scripts\tazmanager.rsc
C:\projects\Honolulu\Version6\OMPORepo\generic\scripts\CopyFiles.rsc
C:\projects\Honolulu\Version6\OMPORepo\generic\scripts\CloseAll.rsc
C:\projects\Honolulu\Version6\OMPORepo\generic\scripts\NetworkManager.rsc
C:\projects\Honolulu\Version6\OMPORepo\generic\scripts\AppendAssign.rsc
C:\projects\Honolulu\Version6\OMPORepo\generic\scripts\DistrictSummaries.rsc
C:\projects\Honolulu\Version6\OMPORepo\generic\scripts\Redistribute College Trips.rsc
C:\projects\Honolulu\Version6\OMPORepo\generic\scripts\HighwayAssignmentSummary2.rsc
C:\projects\Honolulu\Version6\OMPORepo\generic\scripts\ScreenlineSummary.rsc
C:\projects\Honolulu\Version6\OMPORepo\generic\scripts\SkimSummary.rsc
C:\projects\Honolulu\Version6\OMPORepo\generic\scripts\DTAmaster.rsc
C:\projects\Honolulu\Version6\OMPORepo\generic\scripts\ModifySkimCP.rsc
C:\projects\Honolulu\Version6\OMPORepo\generic\scripts\TollSummaries.rsc
C:\projects\Honolulu\Version6\OMPORepo\generic\scripts\summarizeTransit.rsc
C:\projects\Honolulu\Version6\OMPORepo\generic\scripts\HwyTTDistSum.rsc
